// Jest Snapshot v1, https://goo.gl/fbAQLP

exports[`AppSwitcher should render 1`] = `
<div>
  <h2>
    Working directory
  </h2>
  <strong>
    /Users/foo/github/test
  </strong>
  <div>
    <button
      className="btn btn-primary"
      onClick={[Function]}
      type="button"
    >
      <Inject
        component="Icon"
        name="talend-plus"
      />
      Generate CMF Webapp
    </button>
  </div>
</div>
`;
