// Jest Snapshot v1, https://goo.gl/fbAQLP

exports[`FileAnalytics should render 1`] = `
<div>
  <h2
    className="theme-title"
  />
  <button
    className="theme-opn btn btn-default btn-inverse btn-xs"
    onClick={[Function]}
  >
    <Inject
      component="Icon"
      name="talend-link"
    />
    open
  </button>
  <div
    className="theme-content"
  >
    <PanelDependencies
      dependencies={Array []}
    />
    <PanelExports
      dependencies={Array []}
    />
  </div>
</div>
`;
