// Jest Snapshot v1, https://goo.gl/fbAQLP

exports[`SelectionList should render 1`] = `
<div>
  <h2
    className="theme-title"
  >
    <a
      href="#open"
      onClick={[Function]}
    >
      <Inject
        component="Icon"
        componentId="selection-list-opened"
      />
      <span />
      <span
        className="badge"
      />
    </a>
  </h2>
  <div
    className="list-group"
  >
    
  </div>
</div>
`;
