// Jest Snapshot v1, https://goo.gl/fbAQLP

exports[`SelectionList should render 1`] = `
<div>
  <h2
    className="theme-title"
  >
    <a
      href="#open"
      onClick={[Function]}
    >
      <Inject
        component="Icon"
        componentId="selection-list-opened"
      />
      <span />
    </a>
    <button
      className="btn btn-primary btn-xs"
      onClick={[Function]}
      title="Add undefined"
    >
      <Inject
        component="Icon"
        componentId="selection-list-add"
      />
    </button>
  </h2>
  <div
    className="list-group"
  >
    
  </div>
</div>
`;
