// Jest Snapshot v1, https://goo.gl/fbAQLP

exports[`analyse should support components 1`] = `
Array [
  Object {
    "displayName": "StateFullInternalComponent",
    "hasPropTypes": true,
    "name": "StateFullInternalComponent",
    "propTypes": Object {},
    "type": "class",
  },
  Object {
    "displayName": "PureFnInternalComponent",
    "hasPropTypes": true,
    "name": "PureFnInternalComponent",
    "propTypes": Object {
      "optionalArray": Object {
        "required": false,
        "type": "array",
      },
      "optionalArrayOf": Object {
        "required": false,
        "type": "arrayOf",
      },
      "optionalBool": Object {
        "required": false,
        "type": "bool",
      },
      "optionalElement": Object {
        "required": false,
        "type": "element",
      },
      "optionalEnum": Object {
        "required": false,
        "type": "oneOf",
      },
      "optionalFunc": Object {
        "required": false,
        "type": "func",
      },
      "optionalNode": Object {
        "required": false,
        "type": "node",
      },
      "optionalNumber": Object {
        "required": false,
        "type": "number",
      },
      "optionalObject": Object {
        "required": false,
        "type": "object",
      },
      "optionalObjectOf": Object {
        "required": false,
        "type": "objectOf",
      },
      "optionalObjectWithShape": Object {
        "required": false,
        "type": "shape",
      },
      "optionalString": Object {
        "required": false,
        "type": "string",
      },
      "optionalSymbol": Object {
        "required": false,
        "type": "symbol",
      },
      "optionalUnion": Object {
        "required": false,
        "type": "oneOfType",
      },
      "requiredAny": Object {
        "required": true,
        "type": "any",
      },
      "requiredFunc": Object {
        "required": true,
        "type": "func",
      },
    },
    "type": "function",
  },
]
`;

exports[`analyse should support exports 1`] = `
Array [
  Object {
    "default": false,
    "path": "./local",
    "specifiers": Array [
      Object {
        "declarationType": "Identifier",
        "name": "local",
      },
    ],
  },
  Object {
    "async": false,
    "declarationType": "FunctionDeclaration",
    "default": false,
    "displayName": "function",
    "generator": false,
    "hasPropTypes": true,
    "isComponent": true,
    "name": "Func",
    "params": Array [
      Object {
        "defaultValue": undefined,
        "name": "param1",
        "properties": Array [],
        "type": "Identifier",
      },
      Object {
        "defaultValue": undefined,
        "name": undefined,
        "properties": Array [
          Object {
            "name": "deconstructed",
            "shorthand": true,
          },
        ],
        "type": "ObjectPattern",
      },
      Object {
        "defaultValue": undefined,
        "name": "rest",
        "properties": Array [],
        "type": "RestElement",
      },
    ],
    "propTypes": Object {},
    "type": "function",
  },
  Object {
    "declarationType": "ClassDeclaration",
    "default": false,
    "displayName": "Foo",
    "hasPropTypes": true,
    "isComponent": true,
    "name": "Foo",
    "propTypes": Object {},
    "type": "class",
  },
  Object {
    "declarationType": "VariableDeclaration",
    "declarations": Array [
      Object {
        "name": "constant",
        "value": "CONSTANT",
      },
    ],
    "default": false,
    "name": "constant",
    "type": "const",
    "value": "CONSTANT",
  },
  Object {
    "declarationType": "ObjectExpression",
    "default": true,
    "name": "undefined",
    "properties": Object {
      "Internal": Object {
        "declarationType": "Identifier",
        "key": "Internal",
        "name": "Internal",
        "type": "class",
      },
      "dep": Object {
        "declarationType": "Identifier",
        "key": "dep",
        "name": "dep",
        "type": "import",
      },
      "fnInternal": Object {
        "async": false,
        "declarationType": "Identifier",
        "generator": false,
        "key": "fnInternal",
        "name": "fnInternal",
        "params": Array [
          Object {
            "defaultValue": undefined,
            "name": "param1",
            "properties": Array [],
            "type": "Identifier",
          },
          Object {
            "defaultValue": undefined,
            "name": undefined,
            "properties": Array [
              Object {
                "name": "deconstructed",
                "shorthand": true,
              },
            ],
            "type": "ObjectPattern",
          },
          Object {
            "defaultValue": undefined,
            "name": "rest",
            "properties": Array [],
            "type": "RestElement",
          },
        ],
        "type": "function",
      },
      "fnstar": Object {
        "async": false,
        "declarationType": "Identifier",
        "generator": true,
        "key": "fnstar",
        "name": "fnstar",
        "params": Array [],
        "type": "function",
      },
      "objectMethod": Object {
        "async": false,
        "generator": false,
        "key": "objectMethod",
        "params": Array [
          Object {
            "defaultValue": undefined,
            "name": "foo",
            "properties": Array [],
            "type": "Identifier",
          },
          Object {
            "defaultValue": undefined,
            "name": undefined,
            "properties": Array [
              Object {
                "name": "bar",
                "shorthand": true,
              },
            ],
            "type": "ObjectPattern",
          },
          Object {
            "defaultValue": undefined,
            "name": "rest",
            "properties": Array [],
            "type": "RestElement",
          },
        ],
        "type": "function",
      },
    },
    "type": "object",
  },
]
`;
