// Jest Snapshot v1, https://goo.gl/fbAQLP

exports[`analyse should support components 1`] = `
Array [
  Object {
    "displayName": "StateFullInternalComponent",
    "name": "StateFullInternalComponent",
    "propTypes": true,
    "type": "class",
  },
  Object {
    "displayName": "PureFnInternalComponent",
    "name": "PureFnInternalComponent",
    "propTypes": true,
    "type": "function",
  },
]
`;

exports[`analyse should support exports 1`] = `
Array [
  Object {
    "default": false,
    "path": "./local",
    "specifiers": Array [
      Object {
        "declarationType": "Identifier",
        "name": "local",
      },
    ],
  },
  Object {
    "async": false,
    "declarationType": "FunctionDeclaration",
    "default": false,
    "displayName": "function",
    "generator": false,
    "isComponent": true,
    "name": "Func",
    "params": Array [
      Object {
        "defaultValue": undefined,
        "name": "param1",
        "properties": Array [],
        "type": "Identifier",
      },
      Object {
        "defaultValue": undefined,
        "name": undefined,
        "properties": Array [
          Object {
            "name": "deconstructed",
            "shorthand": true,
          },
        ],
        "type": "ObjectPattern",
      },
      Object {
        "defaultValue": undefined,
        "name": "rest",
        "properties": Array [],
        "type": "RestElement",
      },
    ],
    "propTypes": true,
    "type": "function",
  },
  Object {
    "declarationType": "ClassDeclaration",
    "default": false,
    "displayName": "Foo",
    "isComponent": true,
    "name": "Foo",
    "propTypes": true,
    "type": "class",
  },
  Object {
    "declarationType": "VariableDeclaration",
    "declarations": Array [
      Object {
        "name": "constant",
        "value": "CONSTANT",
      },
    ],
    "default": false,
    "name": "constant",
    "type": "const",
    "value": "CONSTANT",
  },
  Object {
    "declarationType": "ObjectExpression",
    "default": true,
    "name": "undefined",
    "properties": Object {
      "Internal": Object {
        "declarationType": "Identifier",
        "key": "Internal",
        "name": "Internal",
        "type": "class",
      },
      "dep": Object {
        "declarationType": "Identifier",
        "key": "dep",
        "name": "dep",
        "type": "import",
      },
      "fnInternal": Object {
        "async": false,
        "declarationType": "Identifier",
        "generator": false,
        "key": "fnInternal",
        "name": "fnInternal",
        "params": Array [
          Object {
            "defaultValue": undefined,
            "name": "param1",
            "properties": Array [],
            "type": "Identifier",
          },
          Object {
            "defaultValue": undefined,
            "name": undefined,
            "properties": Array [
              Object {
                "name": "deconstructed",
                "shorthand": true,
              },
            ],
            "type": "ObjectPattern",
          },
          Object {
            "defaultValue": undefined,
            "name": "rest",
            "properties": Array [],
            "type": "RestElement",
          },
        ],
        "type": "function",
      },
      "fnstar": Object {
        "async": false,
        "declarationType": "Identifier",
        "generator": true,
        "key": "fnstar",
        "name": "fnstar",
        "params": Array [],
        "type": "function",
      },
      "objectMethod": Object {
        "async": false,
        "generator": false,
        "key": "objectMethod",
        "params": Array [
          Object {
            "defaultValue": undefined,
            "name": "foo",
            "properties": Array [],
            "type": "Identifier",
          },
          Object {
            "defaultValue": undefined,
            "name": undefined,
            "properties": Array [
              Object {
                "name": "bar",
                "shorthand": true,
              },
            ],
            "type": "ObjectPattern",
          },
          Object {
            "defaultValue": undefined,
            "name": "rest",
            "properties": Array [],
            "type": "RestElement",
          },
        ],
        "type": "function",
      },
    },
    "type": "object",
  },
]
`;
